hgvs_pro,score,nscor_log2_ratio
p.[Asp1Leu;Val2Tyr;Pro3Thr;Leu4Ile],8.9976047,nan
p.[Pro5Leu;Ala6Leu;Gly7Gln],8.966824274,9.153734357
